
> app-store@0.1.0 build
> next build --webpack

▲ Next.js 16.2.1 (webpack)
- Environments: .env

  Creating an optimized production build ...
✓ Compiled successfully in 3.6s
  Running TypeScript ...
  Finished TypeScript in 5.9s ...
  Collecting page data using 10 workers ...
  Generating static pages using 10 workers (0/8) ...
node.exe : uncaughtException Error: spawn UNKNOWN
At C:\Program Files\nodejs\npm.ps1:29 char:3
+   & $NODE_EXE $NPM_CLI_JS $args
+   ~~~~~~~~~~~~~~~~~~~~~~~~~~~~~
    + CategoryInfo          : NotSpecified: (uncaughtException Error: spawn UNKNOWN:String) [], RemoteException
    + FullyQualifiedErrorId : NativeCommandError
 
    at ignore-listed frames {
  errno: -4094,
  code: 'UNKNOWN',
  syscall: 'spawn'
}
